<title>Vdbench output/config.html</title><pre>
Output from script /home/harshul/Desktop/M23-4/vdbench/linux/config.sh: 

stderr: /home/harshul/Desktop/M23-4/vdbench/linux/config.sh: line 17: ifconfig: command not found
Monday 14 November 2022 08:48:43 PM IST
>>>>>uname -a
Linux harshul 5.15.0-52-generic #58-Ubuntu SMP Thu Oct 13 08:03:55 UTC 2022 x86_64 x86_64 x86_64 GNU/Linux
Monday 14 November 2022 08:48:43 PM IST
>>>>>ifconfig -a
Monday 14 November 2022 08:48:43 PM IST
>>>>>id
uid=0(root) gid=0(root) groups=0(root)
Monday 14 November 2022 08:48:43 PM IST
>>>>>mount
sysfs on /sys type sysfs (rw,nosuid,nodev,noexec,relatime)
proc on /proc type proc (rw,nosuid,nodev,noexec,relatime)
udev on /dev type devtmpfs (rw,nosuid,relatime,size=1861804k,nr_inodes=465451,mode=755,inode64)
devpts on /dev/pts type devpts (rw,nosuid,noexec,relatime,gid=5,mode=620,ptmxmode=000)
tmpfs on /run type tmpfs (rw,nosuid,nodev,noexec,relatime,size=379860k,mode=755,inode64)
/dev/sda3 on / type ext4 (rw,relatime,errors=remount-ro)
securityfs on /sys/kernel/security type securityfs (rw,nosuid,nodev,noexec,relatime)
tmpfs on /dev/shm type tmpfs (rw,nosuid,nodev,inode64)
tmpfs on /run/lock type tmpfs (rw,nosuid,nodev,noexec,relatime,size=5120k,inode64)
cgroup2 on /sys/fs/cgroup type cgroup2 (rw,nosuid,nodev,noexec,relatime,nsdelegate,memory_recursiveprot)
pstore on /sys/fs/pstore type pstore (rw,nosuid,nodev,noexec,relatime)
bpf on /sys/fs/bpf type bpf (rw,nosuid,nodev,noexec,relatime,mode=700)
systemd-1 on /proc/sys/fs/binfmt_misc type autofs (rw,relatime,fd=29,pgrp=1,timeout=0,minproto=5,maxproto=5,direct,pipe_ino=14757)
mqueue on /dev/mqueue type mqueue (rw,nosuid,nodev,noexec,relatime)
hugetlbfs on /dev/hugepages type hugetlbfs (rw,relatime,pagesize=2M)
debugfs on /sys/kernel/debug type debugfs (rw,nosuid,nodev,noexec,relatime)
tracefs on /sys/kernel/tracing type tracefs (rw,nosuid,nodev,noexec,relatime)
configfs on /sys/kernel/config type configfs (rw,nosuid,nodev,noexec,relatime)
fusectl on /sys/fs/fuse/connections type fusectl (rw,nosuid,nodev,noexec,relatime)
none on /run/credentials/systemd-sysusers.service type ramfs (ro,nosuid,nodev,noexec,relatime,mode=700)
tmpfs on /run/qemu type tmpfs (rw,nosuid,nodev,relatime,mode=755,inode64)
/dev/sda2 on /boot/efi type vfat (rw,relatime,fmask=0077,dmask=0077,codepage=437,iocharset=iso8859-1,shortname=mixed,errors=remount-ro)
/var/lib/snapd/snaps/bare_5.snap on /snap/bare/5 type squashfs (ro,nodev,relatime,errors=continue,x-gdu.hide)
/var/lib/snapd/snaps/core20_1623.snap on /snap/core20/1623 type squashfs (ro,nodev,relatime,errors=continue,x-gdu.hide)
/var/lib/snapd/snaps/core20_1695.snap on /snap/core20/1695 type squashfs (ro,nodev,relatime,errors=continue,x-gdu.hide)
/var/lib/snapd/snaps/firefox_1918.snap on /snap/firefox/1918 type squashfs (ro,nodev,relatime,errors=continue,x-gdu.hide)
/var/lib/snapd/snaps/firefox_2067.snap on /snap/firefox/2067 type squashfs (ro,nodev,relatime,errors=continue,x-gdu.hide)
/var/lib/snapd/snaps/gnome-3-38-2004_119.snap on /snap/gnome-3-38-2004/119 type squashfs (ro,nodev,relatime,errors=continue,x-gdu.hide)
/var/lib/snapd/snaps/gnome-3-38-2004_115.snap on /snap/gnome-3-38-2004/115 type squashfs (ro,nodev,relatime,errors=continue,x-gdu.hide)
/var/lib/snapd/snaps/snapd_17336.snap on /snap/snapd/17336 type squashfs (ro,nodev,relatime,errors=continue,x-gdu.hide)
/var/lib/snapd/snaps/snap-store_599.snap on /snap/snap-store/599 type squashfs (ro,nodev,relatime,errors=continue,x-gdu.hide)
/var/lib/snapd/snaps/snap-store_582.snap on /snap/snap-store/582 type squashfs (ro,nodev,relatime,errors=continue,x-gdu.hide)
/var/lib/snapd/snaps/gtk-common-themes_1535.snap on /snap/gtk-common-themes/1535 type squashfs (ro,nodev,relatime,errors=continue,x-gdu.hide)
/var/lib/snapd/snaps/snapd-desktop-integration_14.snap on /snap/snapd-desktop-integration/14 type squashfs (ro,nodev,relatime,errors=continue,x-gdu.hide)
/dev/sda3 on /var/snap/firefox/common/host-hunspell type ext4 (ro,noexec,noatime,errors=remount-ro)
/var/lib/snapd/snaps/snapd_17029.snap on /snap/snapd/17029 type squashfs (ro,nodev,relatime,errors=continue,x-gdu.hide)
binfmt_misc on /proc/sys/fs/binfmt_misc type binfmt_misc (rw,nosuid,nodev,noexec,relatime)
tmpfs on /run/snapd/ns type tmpfs (rw,nosuid,nodev,noexec,relatime,size=379860k,mode=755,inode64)
nsfs on /run/snapd/ns/snapd-desktop-integration.mnt type nsfs (rw)
tmpfs on /run/user/1000 type tmpfs (rw,nosuid,nodev,relatime,size=379856k,nr_inodes=94964,mode=700,uid=1000,gid=1000,inode64)
gvfsd-fuse on /run/user/1000/gvfs type fuse.gvfsd-fuse (rw,nosuid,nodev,relatime,user_id=1000,group_id=1000)
portal on /run/user/1000/doc type fuse.portal (rw,nosuid,nodev,relatime,user_id=1000,group_id=1000)
/dev/sr0 on /media/harshul/VBox_GAs_6.1.381 type iso9660 (ro,nosuid,nodev,relatime,nojoliet,check=s,map=n,blocksize=2048,uid=1000,gid=1000,dmode=500,fmode=400,iocharset=utf8,uhelper=udisks2)
nsfs on /run/snapd/ns/snap-store.mnt type nsfs (rw)
M23_pool on /M23_pool type zfs (rw,xattr,noacl)
/dev/sdc on /media/harshul/M23_ext type ext4 (rw,nosuid,nodev,relatime,errors=remount-ro,uhelper=udisks2)
Monday 14 November 2022 08:48:43 PM IST
>>>>>memory
MemTotal:        3798596 kB
MemFree:          561780 kB
MemAvailable:    1838548 kB
Buffers:           54772 kB
Cached:          1470488 kB
SwapCached:          388 kB
Active:           566288 kB
Inactive:        2073304 kB
Active(anon):       3576 kB
Inactive(anon):  1206332 kB
Active(file):     562712 kB
Inactive(file):   866972 kB
Unevictable:          16 kB
Mlocked:              16 kB
SwapTotal:       2201596 kB
SwapFree:        2199268 kB
Dirty:              1140 kB
Writeback:             0 kB
AnonPages:       1113844 kB
Mapped:           366656 kB
Shmem:             97264 kB
KReclaimable:      96576 kB
Slab:             190016 kB
SReclaimable:      96576 kB
SUnreclaim:        93440 kB
KernelStack:       11256 kB
PageTables:        20988 kB
NFS_Unstable:          0 kB
Bounce:                0 kB
WritebackTmp:          0 kB
CommitLimit:     4100892 kB
Committed_AS:    5525368 kB
VmallocTotal:   34359738367 kB
VmallocUsed:       93496 kB
VmallocChunk:          0 kB
Percpu:             3984 kB
HardwareCorrupted:     0 kB
AnonHugePages:         0 kB
ShmemHugePages:        0 kB
ShmemPmdMapped:        0 kB
FileHugePages:         0 kB
FilePmdMapped:         0 kB
HugePages_Total:       0
HugePages_Free:        0
HugePages_Rsvd:        0
HugePages_Surp:        0
Hugepagesize:       2048 kB
Hugetlb:               0 kB
DirectMap4k:      274368 kB
DirectMap2M:     3698688 kB
               total        used        free      shared  buff/cache   available
Mem:         3798596     1614980      561780       97264     1621836     1838548
Low:         3798596     3236816      561780
High:              0           0           0
Swap:        2201596        2328     2199268
Monday 14 November 2022 08:48:43 PM IST
>>>>>ps -ef | grep -i vdb
root        9125    3930  0 20:48 pts/1    00:00:00 sudo ./vdbench -f workload1 anchor=/media/harshul/M23_ext
root        9126    9125  0 20:48 pts/2    00:00:00 sudo ./vdbench -f workload1 anchor=/media/harshul/M23_ext
root        9127    9126  0 20:48 pts/2    00:00:00 /bin/bash ./vdbench -f workload1 anchor=/media/harshul/M23_ext
root        9129    9127  0 20:48 pts/2    00:00:00 java -client -Xmx512m -Xms64m -cp ./:./classes:./vdbench.jar Vdb.Vdbmain -f workload1 anchor=/media/harshul/M23_ext
root        9154    9129  0 20:48 pts/2    00:00:00 /bin/bash /home/harshul/Desktop/M23-4/vdbench/vdbench SlaveJvm -m localhost -n localhost-10-221114-20.48.42.439 -l localhost-0 -p 5570
root        9158    9154  0 20:48 pts/2    00:00:00 java -client -Xmx1024m -Xms128m -cp /home/harshul/Desktop/M23-4/vdbench/:/home/harshul/Desktop/M23-4/vdbench/classes:/home/harshul/Desktop/M23-4/vdbench/vdbench.jar Vdb.SlaveJvm SlaveJvm -m localhost -n localhost-10-221114-20.48.42.439 -l localhost-0 -p 5570
root        9195    9129  0 20:48 pts/2    00:00:00 /bin/bash /home/harshul/Desktop/M23-4/vdbench/linux/config.sh -o /home/harshul/Desktop/M23-4/vdbench/output localhost
root        9211    9195  0 20:48 pts/2    00:00:00 grep -i vdb

